
[1m[46m RUN [49m[22m [36mv4.1.2 [39m[90mC:/prompt lib/prompt-flow[39m
      [2mCoverage enabled with [22m[33mv8[39m

 [32mΓ£ô[39m src/lib/system-engine.test.ts [2m([22m[2m12 tests[22m[2m)[22m[32m 14[2mms[22m[39m
 [32mΓ£ô[39m src/lib/formatPrompt.test.ts [2m([22m[2m6 tests[22m[2m)[22m[32m 8[2mms[22m[39m

[2m Test Files [22m [1m[32m2 passed[39m[22m[90m (2)[39m
[2m      Tests [22m [1m[32m18 passed[39m[22m[90m (18)[39m
[2m   Start at [22m 17:06:34
[2m   Duration [22m 3.37s[2m (transform 163ms, setup 675ms, import 133ms, tests 22ms, environment 4.97s)[22m

[34m % [39m[2mCoverage report from [22m[33mv8[39m
------------------|---------|----------|---------|---------|-------------------
File              | % Stmts | % Branch | % Funcs | % Lines | Uncovered Line #s 
------------------|---------|----------|---------|---------|-------------------
All files         |   97.36 |    91.66 |    90.9 |   97.36 |                   
 formatPrompt.ts  |     100 |    66.66 |     100 |     100 | 21                
 system-engine.ts |   97.05 |    93.93 |      90 |   97.05 | 58                
------------------|---------|----------|---------|---------|-------------------
